// Jest Snapshot v1, https://goo.gl/fbAQLP

exports[`App Tests Make a snapshot of App comonent 1`] = `ShallowWrapper {}`;
