// Jest Snapshot v1, https://goo.gl/fbAQLP

exports[`CardList Tests Make a snapshot of CardList comonent 1`] = `ShallowWrapper {}`;
