// Jest Snapshot v1, https://goo.gl/fbAQLP

exports[`Cards Tests Make a snapshot of Cards comonent 1`] = `ShallowWrapper {}`;
