// Jest Snapshot v1, https://goo.gl/fbAQLP

exports[`SearchBox Tests make a snapshot of SearchBox comonent 1`] = `ShallowWrapper {}`;
